Archive member included to satisfy reference by file (symbol)

C:/ST/STM32CubeIDE_1.17.0/STM32CubeIDE/plugins/com.st.stm32cube.ide.mcu.externaltools.gnu-tools-for-stm32.12.3.rel1.win32_1.1.0.202410251130/tools/bin/../lib/gcc/arm-none-eabi/12.3.1/../../../../arm-none-eabi/lib/thumb/v7-m/nofp\libc_nano.a(libc_a-exit.o)
                              C:/ST/STM32CubeIDE_1.17.0/STM32CubeIDE/plugins/com.st.stm32cube.ide.mcu.externaltools.gnu-tools-for-stm32.12.3.rel1.win32_1.1.0.202410251130/tools/bin/../lib/gcc/arm-none-eabi/12.3.1/../../../../arm-none-eabi/lib/thumb/v7-m/nofp/crt0.o (exit)
C:/ST/STM32CubeIDE_1.17.0/STM32CubeIDE/plugins/com.st.stm32cube.ide.mcu.externaltools.gnu-tools-for-stm32.12.3.rel1.win32_1.1.0.202410251130/tools/bin/../lib/gcc/arm-none-eabi/12.3.1/../../../../arm-none-eabi/lib/thumb/v7-m/nofp\libc_nano.a(libc_a-findfp.o)
                              C:/ST/STM32CubeIDE_1.17.0/STM32CubeIDE/plugins/com.st.stm32cube.ide.mcu.externaltools.gnu-tools-for-stm32.12.3.rel1.win32_1.1.0.202410251130/tools/bin/../lib/gcc/arm-none-eabi/12.3.1/../../../../arm-none-eabi/lib/thumb/v7-m/nofp\libc_nano.a(libc_a-exit.o) (__stdio_exit_handler)
C:/ST/STM32CubeIDE_1.17.0/STM32CubeIDE/plugins/com.st.stm32cube.ide.mcu.externaltools.gnu-tools-for-stm32.12.3.rel1.win32_1.1.0.202410251130/tools/bin/../lib/gcc/arm-none-eabi/12.3.1/../../../../arm-none-eabi/lib/thumb/v7-m/nofp\libc_nano.a(libc_a-fwalk.o)
                              C:/ST/STM32CubeIDE_1.17.0/STM32CubeIDE/plugins/com.st.stm32cube.ide.mcu.externaltools.gnu-tools-for-stm32.12.3.rel1.win32_1.1.0.202410251130/tools/bin/../lib/gcc/arm-none-eabi/12.3.1/../../../../arm-none-eabi/lib/thumb/v7-m/nofp\libc_nano.a(libc_a-findfp.o) (_fwalk_sglue)
C:/ST/STM32CubeIDE_1.17.0/STM32CubeIDE/plugins/com.st.stm32cube.ide.mcu.externaltools.gnu-tools-for-stm32.12.3.rel1.win32_1.1.0.202410251130/tools/bin/../lib/gcc/arm-none-eabi/12.3.1/../../../../arm-none-eabi/lib/thumb/v7-m/nofp\libc_nano.a(libc_a-stdio.o)
                              C:/ST/STM32CubeIDE_1.17.0/STM32CubeIDE/plugins/com.st.stm32cube.ide.mcu.externaltools.gnu-tools-for-stm32.12.3.rel1.win32_1.1.0.202410251130/tools/bin/../lib/gcc/arm-none-eabi/12.3.1/../../../../arm-none-eabi/lib/thumb/v7-m/nofp\libc_nano.a(libc_a-findfp.o) (__sread)
C:/ST/STM32CubeIDE_1.17.0/STM32CubeIDE/plugins/com.st.stm32cube.ide.mcu.externaltools.gnu-tools-for-stm32.12.3.rel1.win32_1.1.0.202410251130/tools/bin/../lib/gcc/arm-none-eabi/12.3.1/../../../../arm-none-eabi/lib/thumb/v7-m/nofp\libc_nano.a(libc_a-memset.o)
                              C:/ST/STM32CubeIDE_1.17.0/STM32CubeIDE/plugins/com.st.stm32cube.ide.mcu.externaltools.gnu-tools-for-stm32.12.3.rel1.win32_1.1.0.202410251130/tools/bin/../lib/gcc/arm-none-eabi/12.3.1/../../../../arm-none-eabi/lib/thumb/v7-m/nofp/crt0.o (memset)
C:/ST/STM32CubeIDE_1.17.0/STM32CubeIDE/plugins/com.st.stm32cube.ide.mcu.externaltools.gnu-tools-for-stm32.12.3.rel1.win32_1.1.0.202410251130/tools/bin/../lib/gcc/arm-none-eabi/12.3.1/../../../../arm-none-eabi/lib/thumb/v7-m/nofp\libc_nano.a(libc_a-closer.o)
                              C:/ST/STM32CubeIDE_1.17.0/STM32CubeIDE/plugins/com.st.stm32cube.ide.mcu.externaltools.gnu-tools-for-stm32.12.3.rel1.win32_1.1.0.202410251130/tools/bin/../lib/gcc/arm-none-eabi/12.3.1/../../../../arm-none-eabi/lib/thumb/v7-m/nofp\libc_nano.a(libc_a-stdio.o) (_close_r)
C:/ST/STM32CubeIDE_1.17.0/STM32CubeIDE/plugins/com.st.stm32cube.ide.mcu.externaltools.gnu-tools-for-stm32.12.3.rel1.win32_1.1.0.202410251130/tools/bin/../lib/gcc/arm-none-eabi/12.3.1/../../../../arm-none-eabi/lib/thumb/v7-m/nofp\libc_nano.a(libc_a-reent.o)
                              C:/ST/STM32CubeIDE_1.17.0/STM32CubeIDE/plugins/com.st.stm32cube.ide.mcu.externaltools.gnu-tools-for-stm32.12.3.rel1.win32_1.1.0.202410251130/tools/bin/../lib/gcc/arm-none-eabi/12.3.1/../../../../arm-none-eabi/lib/thumb/v7-m/nofp\libc_nano.a(libc_a-closer.o) (errno)
C:/ST/STM32CubeIDE_1.17.0/STM32CubeIDE/plugins/com.st.stm32cube.ide.mcu.externaltools.gnu-tools-for-stm32.12.3.rel1.win32_1.1.0.202410251130/tools/bin/../lib/gcc/arm-none-eabi/12.3.1/../../../../arm-none-eabi/lib/thumb/v7-m/nofp\libc_nano.a(libc_a-impure.o)
                              C:/ST/STM32CubeIDE_1.17.0/STM32CubeIDE/plugins/com.st.stm32cube.ide.mcu.externaltools.gnu-tools-for-stm32.12.3.rel1.win32_1.1.0.202410251130/tools/bin/../lib/gcc/arm-none-eabi/12.3.1/../../../../arm-none-eabi/lib/thumb/v7-m/nofp\libc_nano.a(libc_a-reent.o) (_impure_ptr)
C:/ST/STM32CubeIDE_1.17.0/STM32CubeIDE/plugins/com.st.stm32cube.ide.mcu.externaltools.gnu-tools-for-stm32.12.3.rel1.win32_1.1.0.202410251130/tools/bin/../lib/gcc/arm-none-eabi/12.3.1/../../../../arm-none-eabi/lib/thumb/v7-m/nofp\libc_nano.a(libc_a-lseekr.o)
[...]
Memory Configuration

Name             Origin             Length             Attributes
RAM              0x20000000         0x00005000         xrw
FLASH            0x08000000         0x00010000         xr
*default*        0x00000000         0xffffffff

Linker script and memory map

LOAD C:/ST/STM32CubeIDE_1.17.0/STM32CubeIDE/plugins/com.st.stm32cube.ide.mcu.externaltools.gnu-tools-for-stm32.12.3.rel1.win32_1.1.0.202410251130/tools/bin/../lib/gcc/arm-none-eabi/12.3.1/thumb/v7-m/nofp/crti.o
LOAD C:/ST/STM32CubeIDE_1.17.0/STM32CubeIDE/plugins/com.st.stm32cube.ide.mcu.externaltools.gnu-tools-for-stm32.12.3.rel1.win32_1.1.0.202410251130/tools/bin/../lib/gcc/arm-none-eabi/12.3.1/thumb/v7-m/nofp/crtbegin.o
LOAD C:/ST/STM32CubeIDE_1.17.0/STM32CubeIDE/plugins/com.st.stm32cube.ide.mcu.externaltools.gnu-tools-for-stm32.12.3.rel1.win32_1.1.0.202410251130/tools/bin/../lib/gcc/arm-none-eabi/12.3.1/../../../../arm-none-eabi/lib/thumb/v7-m/nofp/crt0.o
LOAD ./src/ap/ap.o
LOAD ./src/bsp/bsp.o
LOAD ./src/bsp/stm32f1xx_hal_msp.o
LOAD ./src/bsp/stm32f1xx_it.o
LOAD ./src/bsp/syscalls.o
LOAD ./src/bsp/sysmem.o
LOAD ./src/bsp/system_stm32f1xx.o
LOAD ./src/bsp/startup/startup_stm32f103c8tx.o
LOAD ./src/hw/driver/led.o
LOAD ./src/hw/hw.o
LOAD ./src/lib/stm32f103_cube/Drivers/STM32F1xx_HAL_Driver/Src/stm32f1xx_hal.o
LOAD ./src/lib/stm32f103_cube/Drivers/STM32F1xx_HAL_Driver/Src/stm32f1xx_hal_cortex.o
LOAD ./src/lib/stm32f103_cube/Drivers/STM32F1xx_HAL_Driver/Src/stm32f1xx_hal_dma.o
LOAD ./src/lib/stm32f103_cube/Drivers/STM32F1xx_HAL_Driver/Src/stm32f1xx_hal_exti.o
LOAD ./src/lib/stm32f103_cube/Drivers/STM32F1xx_HAL_Driver/Src/stm32f1xx_hal_flash.o
LOAD ./src/lib/stm32f103_cube/Drivers/STM32F1xx_HAL_Driver/Src/stm32f1xx_hal_flash_ex.o
LOAD ./src/lib/stm32f103_cube/Drivers/STM32F1xx_HAL_Driver/Src/stm32f1xx_hal_gpio.o
LOAD ./src/lib/stm32f103_cube/Drivers/STM32F1xx_HAL_Driver/Src/stm32f1xx_hal_gpio_ex.o
LOAD ./src/lib/stm32f103_cube/Drivers/STM32F1xx_HAL_Driver/Src/stm32f1xx_hal_pwr.o
LOAD ./src/lib/stm32f103_cube/Drivers/STM32F1xx_HAL_Driver/Src/stm32f1xx_hal_rcc.o
LOAD ./src/lib/stm32f103_cube/Drivers/STM32F1xx_HAL_Driver/Src/stm32f1xx_hal_rcc_ex.o
LOAD ./src/lib/stm32f103_cube/Drivers/STM32F1xx_HAL_Driver/Src/stm32f1xx_hal_tim.o
LOAD ./src/lib/stm32f103_cube/Drivers/STM32F1xx_HAL_Driver/Src/stm32f1xx_hal_tim_ex.o
LOAD ./src/main.o
START GROUP
LOAD C:/ST/STM32CubeIDE_1.17.0/STM32CubeIDE/plugins/com.st.stm32cube.ide.mcu.externaltools.gnu-tools-for-stm32.12.3.rel1.win32_1.1.0.202410251130/tools/bin/../lib/gcc/arm-none-eabi/12.3.1/../../../../arm-none-eabi/lib/thumb/v7-m/nofp\libc_nano.a
LOAD C:/ST/STM32CubeIDE_1.17.0/STM32CubeIDE/plugins/com.st.stm32cube.ide.mcu.externaltools.gnu-tools-for-stm32.12.3.rel1.win32_1.1.0.202410251130/tools/bin/../lib/gcc/arm-none-eabi/12.3.1/../../../../arm-none-eabi/lib/thumb/v7-m/nofp\libm.a
END GROUP
START GROUP
LOAD C:/ST/STM32CubeIDE_1.17.0/STM32CubeIDE/plugins/com.st.stm32cube.ide.mcu.externaltools.gnu-tools-for-stm32.12.3.rel1.win32_1.1.0.202410251130/tools/bin/../lib/gcc/arm-none-eabi/12.3.1/thumb/v7-m/nofp\libgcc.a
LOAD C:/ST/STM32CubeIDE_1.17.0/STM32CubeIDE/plugins/com.st.stm32cube.ide.mcu.externaltools.gnu-tools-for-stm32.12.3.rel1.win32_1.1.0.202410251130/tools/bin/../lib/gcc/arm-none-eabi/12.3.1/../../../../arm-none-eabi/lib/thumb/v7-m/nofp\libc_nano.a
END GROUP
START GROUP
LOAD C:/ST/STM32CubeIDE_1.17.0/STM32CubeIDE/plugins/com.st.stm32cube.ide.mcu.externaltools.gnu-tools-for-stm32.12.3.rel1.win32_1.1.0.202410251130/tools/bin/../lib/gcc/arm-none-eabi/12.3.1/thumb/v7-m/nofp\libgcc.a
LOAD C:/ST/STM32CubeIDE_1.17.0/STM32CubeIDE/plugins/com.st.stm32cube.ide.mcu.externaltools.gnu-tools-for-stm32.12.3.rel1.win32_1.1.0.202410251130/tools/bin/../lib/gcc/arm-none-eabi/12.3.1/../../../../arm-none-eabi/lib/thumb/v7-m/nofp\libc_nano.a
LOAD C:/ST/STM32CubeIDE_1.17.0/STM32CubeIDE/plugins/com.st.stm32cube.ide.mcu.externaltools.gnu-tools-for-stm32.12.3.rel1.win32_1.1.0.202410251130/tools/bin/../lib/gcc/arm-none-eabi/12.3.1/../../../../arm-none-eabi/lib/thumb/v7-m/nofp\libnosys.a
END GROUP
START GROUP
LOAD C:/ST/STM32CubeIDE_1.17.0/STM32CubeIDE/plugins/com.st.stm32cube.ide.mcu.externaltools.gnu-tools-for-stm32.12.3.rel1.win32_1.1.0.202410251130/tools/bin/../lib/gcc/arm-none-eabi/12.3.1/thumb/v7-m/nofp\libgcc.a
LOAD C:/ST/STM32CubeIDE_1.17.0/STM32CubeIDE/plugins/com.st.stm32cube.ide.mcu.externaltools.gnu-tools-for-stm32.12.3.rel1.win32_1.1.0.202410251130/tools/bin/../lib/gcc/arm-none-eabi/12.3.1/../../../../arm-none-eabi/lib/thumb/v7-m/nofp\libc_nano.a
LOAD C:/ST/STM32CubeIDE_1.17.0/STM32CubeIDE/plugins/com.st.stm32cube.ide.mcu.externaltools.gnu-tools-for-stm32.12.3.rel1.win32_1.1.0.202410251130/tools/bin/../lib/gcc/arm-none-eabi/12.3.1/../../../../arm-none-eabi/lib/thumb/v7-m/nofp\libnosys.a
END GROUP
LOAD C:/ST/STM32CubeIDE_1.17.0/STM32CubeIDE/plugins/com.st.stm32cube.ide.mcu.externaltools.gnu-tools-for-stm32.12.3.rel1.win32_1.1.0.202410251130/tools/bin/../lib/gcc/arm-none-eabi/12.3.1/thumb/v7-m/nofp/crtend.o
LOAD C:/ST/STM32CubeIDE_1.17.0/STM32CubeIDE/plugins/com.st.stm32cube.ide.mcu.externaltools.gnu-tools-for-stm32.12.3.rel1.win32_1.1.0.202410251130/tools/bin/../lib/gcc/arm-none-eabi/12.3.1/thumb/v7-m/nofp/crtn.o
                0x20005000                        _estack = (ORIGIN (RAM) + LENGTH (RAM))
                0x00000200                        _Min_Heap_Size = 0x200
                0x00000400                        _Min_Stack_Size = 0x400

.isr_vector     0x08000000      0x130
                0x08000000                        . = ALIGN (0x4)
 *(.isr_vector)
 .isr_vector    0x08000000      0x130 ./src/bsp/startup/startup_stm32f103c8tx.o
                0x08000000                g_pfnVectors
                0x08000130                        . = ALIGN (0x4)

.text           0x08000130     0x1208
                0x08000130                        . = ALIGN (0x4)
 *(.text)
 .text          0x08000130       0x40 C:/ST/STM32CubeIDE_1.17.0/STM32CubeIDE/plugins/com.st.stm32cube.ide.mcu.externaltools.gnu-tools-for-stm32.12.3.rel1.win32_1.1.0.202410251130/tools/bin/../lib/gcc/arm-none-eabi/12.3.1/thumb/v7-m/nofp/crtbegin.o
 *(.text*)
 .text.apInit   0x08000170        0xc ./src/ap/ap.o
                0x08000170                apInit
 .text.apMain   0x0800017c       0x16 ./src/ap/ap.o
                0x0800017c                apMain
 *fill*         0x08000192        0x2 
 .text.bspInit  0x08000194       0x64 ./src/bsp/bsp.o
                0x08000194                bspInit
 .text.Delay    0x080001f8       0x16 ./src/bsp/bsp.o
                0x080001f8                Delay
 .text.SystemClock_Config
                0x0800020e       0x8a ./src/bsp/bsp.o
                0x0800020e                SystemClock_Config
 .text.Error_Handler
                0x08000298        0xc ./src/bsp/bsp.o
                0x08000298                Error_Handler
 .text.HAL_MspInit
                0x080002a4       0x64 ./src/bsp/stm32f1xx_hal_msp.o
                0x080002a4                HAL_MspInit
 .text.NMI_Handler
                0x08000308        0x8 ./src/bsp/stm32f1xx_it.o
                0x08000308                NMI_Handler
 .text.HardFault_Handler
                0x08000310        0x8 ./src/bsp/stm32f1xx_it.o
                0x08000310                HardFault_Handler
 .text.MemManage_Handler
                0x08000318        0x8 ./src/bsp/stm32f1xx_it.o
                0x08000318                MemManage_Handler
 .text.BusFault_Handler
                0x08000320        0x8 ./src/bsp/stm32f1xx_it.o
                0x08000320                BusFault_Handler
 .text.UsageFault_Handler
                0x08000328        0x8 ./src/bsp/stm32f1xx_it.o
                0x08000328                UsageFault_Handler
 .text.SVC_Handler
                0x08000330        0xc ./src/bsp/stm32f1xx_it.o
                0x08000330                SVC_Handler
 .text.DebugMon_Handler
                0x0800033c        0xc ./src/bsp/stm32f1xx_it.o
                0x0800033c                DebugMon_Handler
 .text.PendSV_Handler
                0x08000348        0xc ./src/bsp/stm32f1xx_it.o
                0x08000348                PendSV_Handler
 .text.SysTick_Handler
                0x08000354        0xc ./src/bsp/stm32f1xx_it.o
                0x08000354                SysTick_Handler
 .text.SystemInit
                0x08000360        0xc ./src/bsp/system_stm32f1xx.o
                0x08000360                SystemInit
 .text.Reset_Handler
                0x0800036c       0x50 ./src/bsp/startup/startup_stm32f103c8tx.o
                0x0800036c                Reset_Handler
 .text.Default_Handler
                0x080003bc        0x2 ./src/bsp/startup/startup_stm32f103c8tx.o
                0x080003bc                EXTI2_IRQHandler
                0x080003bc                TIM8_TRG_COM_IRQHandler
                0x080003bc                TIM8_CC_IRQHandler
                0x080003bc                TIM1_CC_IRQHandler
                0x080003bc                TIM6_IRQHandler
                0x080003bc                PVD_IRQHandler
                0x080003bc                SDIO_IRQHandler
                0x080003bc                EXTI3_IRQHandler
                0x080003bc                USB_HP_CAN_TX_IRQHandler
                0x080003bc                EXTI0_IRQHandler
                0x080003bc                I2C2_EV_IRQHandler
                0x080003bc                ADC1_2_IRQHandler
                0x080003bc                SPI1_IRQHandler
                0x080003bc                CAN_SCE_IRQHandler
                0x080003bc                TAMPER_IRQHandler
                0x080003bc                TIM8_UP_IRQHandler
                0x080003bc                DMA2_Channel2_IRQHandler
                0x080003bc                DMA1_Channel4_IRQHandler
                0x080003bc                USART3_IRQHandler
                0x080003bc                RTC_IRQHandler
                0x080003bc                DMA1_Channel7_IRQHandler
                0x080003bc                UART5_IRQHandler
                0x080003bc                ADC3_IRQHandler
                0x080003bc                TIM4_IRQHandler
                0x080003bc                CAN_RX1_IRQHandler
                0x080003bc                DMA2_Channel1_IRQHandler
                0x080003bc                I2C1_EV_IRQHandler
                0x080003bc                DMA1_Channel6_IRQHandler
                0x080003bc                UART4_IRQHandler
                0x080003bc                TIM3_IRQHandler
                0x080003bc                RCC_IRQHandler
                0x080003bc                TIM1_TRG_COM_IRQHandler
                0x080003bc                DMA1_Channel1_IRQHandler
                0x080003bc                Default_Handler
                0x080003bc                EXTI15_10_IRQHandler
                0x080003bc                TIM7_IRQHandler
                0x080003bc                TIM5_IRQHandler
                0x080003bc                EXTI9_5_IRQHandler
                0x080003bc                SPI2_IRQHandler
                0x080003bc                USB_LP_CAN_RX0_IRQHandler
                0x080003bc                DMA1_Channel5_IRQHandler
                0x080003bc                EXTI4_IRQHandler
                0x080003bc                DMA1_Channel3_IRQHandler
                0x080003bc                FSMC_IRQHandler
                0x080003bc                TIM1_UP_IRQHandler
                0x080003bc                WWDG_IRQHandler
                0x080003bc                TIM2_IRQHandler
                0x080003bc                TIM1_BRK_IRQHandler
                0x080003bc                EXTI1_IRQHandler
                0x080003bc                RTCAlarm_IRQHandler
                0x080003bc                DMA2_Channel4_5_IRQHandler
                0x080003bc                USART2_IRQHandler
                0x080003bc                I2C2_ER_IRQHandler
                0x080003bc                DMA1_Channel2_IRQHandler
                0x080003bc                TIM8_BRK_IRQHandler
                0x080003bc                FLASH_IRQHandler
                0x080003bc                USART1_IRQHandler
                0x080003bc                SPI3_IRQHandler
                0x080003bc                I2C1_ER_IRQHandler
                0x080003bc                DMA2_Channel3_IRQHandler
 *fill*         0x080003be        0x2 
 .text.ledInit  0x080003c0       0x6c ./src/hw/driver/led.o
                0x080003c0                ledInit
 .text.ledoff   0x0800042c       0x40 ./src/hw/driver/led.o
                0x0800042c                ledoff
 .text.ledToggle
                0x0800046c       0x38 ./src/hw/driver/led.o
                0x0800046c                ledToggle
 .text.hwInit   0x080004a4       0x10 ./src/hw/hw.o
                0x080004a4                hwInit
 .text.HAL_Init
                0x080004b4       0x2c ./src/lib/stm32f103_cube/Drivers/STM32F1xx_HAL_Driver/Src/stm32f1xx_hal.o
                0x080004b4                HAL_Init
 .text.HAL_InitTick
                0x080004e0       0x60 ./src/lib/stm32f103_cube/Drivers/STM32F1xx_HAL_Driver/Src/stm32f1xx_hal.o
                0x080004e0                HAL_InitTick
 .text.HAL_IncTick
                0x08000540       0x24 ./src/lib/stm32f103_cube/Drivers/STM32F1xx_HAL_Driver/Src/stm32f1xx_hal.o
                0x08000540                HAL_IncTick
 .text.HAL_GetTick
                0x08000564       0x14 ./src/lib/stm32f103_cube/Drivers/STM32F1xx_HAL_Driver/Src/stm32f1xx_hal.o
                0x08000564                HAL_GetTick
 .text.HAL_Delay
                0x08000578       0x48 ./src/lib/stm32f103_cube/Drivers/STM32F1xx_HAL_Driver/Src/stm32f1xx_hal.o
                0x08000578                HAL_Delay
 .text.__NVIC_SetPriorityGrouping
                0x080005c0       0x48 ./src/lib/stm32f103_cube/Drivers/STM32F1xx_HAL_Driver/Src/stm32f1xx_hal_cortex.o
 .text.__NVIC_GetPriorityGrouping
                0x08000608       0x1c ./src/lib/stm32f103_cube/Drivers/STM32F1xx_HAL_Driver/Src/stm32f1xx_hal_cortex.o
 .text.__NVIC_SetPriority
                0x08000624       0x54 ./src/lib/stm32f103_cube/Drivers/STM32F1xx_HAL_Driver/Src/stm32f1xx_hal_cortex.o
 .text.NVIC_EncodePriority
                0x08000678       0x64 ./src/lib/stm32f103_cube/Drivers/STM32F1xx_HAL_Driver/Src/stm32f1xx_hal_cortex.o
 .text.SysTick_Config
                0x080006dc       0x44 ./src/lib/stm32f103_cube/Drivers/STM32F1xx_HAL_Driver/Src/stm32f1xx_hal_cortex.o
 .text.HAL_NVIC_SetPriorityGrouping
                0x08000720       0x16 ./src/lib/stm32f103_cube/Drivers/STM32F1xx_HAL_Driver/Src/stm32f1xx_hal_cortex.o
                0x08000720                HAL_NVIC_SetPriorityGrouping
 .text.HAL_NVIC_SetPriority
                0x08000736       0x38 ./src/lib/stm32f103_cube/Drivers/STM32F1xx_HAL_Driver/Src/stm32f1xx_hal_cortex.o
                0x08000736                HAL_NVIC_SetPriority
 .text.HAL_SYSTICK_Config
                0x0800076e       0x18 ./src/lib/stm32f103_cube/Drivers/STM32F1xx_HAL_Driver/Src/stm32f1xx_hal_cortex.o
                0x0800076e                HAL_SYSTICK_Config
 *fill*         0x08000786        0x2 
 .text.HAL_GPIO_Init
                0x08000788      0x308 ./src/lib/stm32f103_cube/Drivers/STM32F1xx_HAL_Driver/Src/stm32f1xx_hal_gpio.o
                0x08000788                HAL_GPIO_Init
 .text.HAL_GPIO_WritePin
                0x08000a90       0x30 ./src/lib/stm32f103_cube/Drivers/STM32F1xx_HAL_Driver/Src/stm32f1xx_hal_gpio.o
                0x08000a90                HAL_GPIO_WritePin
 .text.HAL_GPIO_TogglePin
                0x08000ac0       0x32 ./src/lib/stm32f103_cube/Drivers/STM32F1xx_HAL_Driver/Src/stm32f1xx_hal_gpio.o
                0x08000ac0                HAL_GPIO_TogglePin
 *fill*         0x08000af2        0x2 
 .text.HAL_RCC_OscConfig
                0x08000af4      0x504 ./src/lib/stm32f103_cube/Drivers/STM32F1xx_HAL_Driver/Src/stm32f1xx_hal_rcc.o
                0x08000af4                HAL_RCC_OscConfig
 .text.HAL_RCC_ClockConfig
                0x08000ff8      0x1d4 ./src/lib/stm32f103_cube/Drivers/STM32F1xx_HAL_Driver/Src/stm32f1xx_hal_rcc.o
                0x08000ff8                HAL_RCC_ClockConfig
 .text.HAL_RCC_GetSysClockFreq
                0x080011cc       0xa8 ./src/lib/stm32f103_cube/Drivers/STM32F1xx_HAL_Driver/Src/stm32f1xx_hal_rcc.o
                0x080011cc                HAL_RCC_GetSysClockFreq
 .text.RCC_Delay
                0x08001274       0x3c ./src/lib/stm32f103_cube/Drivers/STM32F1xx_HAL_Driver/Src/stm32f1xx_hal_rcc.o
 .text.main     0x080012b0       0x16 ./src/main.o
                0x080012b0                main
 .text.memset   0x080012c6       0x10 C:/ST/STM32CubeIDE_1.17.0/STM32CubeIDE/plugins/com.st.stm32cube.ide.mcu.externaltools.gnu-tools-for-stm32.12.3.rel1.win32_1.1.0.202410251130/tools/bin/../lib/gcc/arm-none-eabi/12.3.1/../../../../arm-none-eabi/lib/thumb/v7-m/nofp\libc_nano.a(libc_a-memset.o)
                0x080012c6                memset
 *fill*         0x080012d6        0x2 
 .text.__libc_init_array
                0x080012d8       0x48 C:/ST/STM32CubeIDE_1.17.0/STM32CubeIDE/plugins/com.st.stm32cube.ide.mcu.externaltools.gnu-tools-for-stm32.12.3.rel1.win32_1.1.0.202410251130/tools/bin/../lib/gcc/arm-none-eabi/12.3.1/../../../../arm-none-eabi/lib/thumb/v7-m/nofp\libc_nano.a(libc_a-init.o)
                0x080012d8                __libc_init_array
 *(.glue_7)
 .glue_7        0x08001320        0x0 linker stubs
 *(.glue_7t)
 .glue_7t       0x08001320        0x0 linker stubs
 *(.eh_frame)
 .eh_frame      0x08001320        0x0 C:/ST/STM32CubeIDE_1.17.0/STM32CubeIDE/plugins/com.st.stm32cube.ide.mcu.externaltools.gnu-tools-for-stm32.12.3.rel1.win32_1.1.0.202410251130/tools/bin/../lib/gcc/arm-none-eabi/12.3.1/thumb/v7-m/nofp/crtbegin.o
 *(.init)
 .init          0x08001320        0x4 C:/ST/STM32CubeIDE_1.17.0/STM32CubeIDE/plugins/com.st.stm32cube.ide.mcu.externaltools.gnu-tools-for-stm32.12.3.rel1.win32_1.1.0.202410251130/tools/bin/../lib/gcc/arm-none-eabi/12.3.1/thumb/v7-m/nofp/crti.o
                0x08001320                _init
 .init          0x08001324        0x8 C:/ST/STM32CubeIDE_1.17.0/STM32CubeIDE/plugins/com.st.stm32cube.ide.mcu.externaltools.gnu-tools-for-stm32.12.3.rel1.win32_1.1.0.202410251130/tools/bin/../lib/gcc/arm-none-eabi/12.3.1/thumb/v7-m/nofp/crtn.o
 *(.fini)
 .fini          0x0800132c        0x4 C:/ST/STM32CubeIDE_1.17.0/STM32CubeIDE/plugins/com.st.stm32cube.ide.mcu.externaltools.gnu-tools-for-stm32.12.3.rel1.win32_1.1.0.202410251130/tools/bin/../lib/gcc/arm-none-eabi/12.3.1/thumb/v7-m/nofp/crti.o
                0x0800132c                _fini
 .fini          0x08001330        0x8 C:/ST/STM32CubeIDE_1.17.0/STM32CubeIDE/plugins/com.st.stm32cube.ide.mcu.externaltools.gnu-tools-for-stm32.12.3.rel1.win32_1.1.0.202410251130/tools/bin/../lib/gcc/arm-none-eabi/12.3.1/thumb/v7-m/nofp/crtn.o
                0x08001338                        . = ALIGN (0x4)
                0x08001338                        _etext = .

.vfp11_veneer   0x08001338        0x0
 .vfp11_veneer  0x08001338        0x0 linker stubs

.v4_bx          0x08001338        0x0
 .v4_bx         0x08001338        0x0 linker stubs

.iplt           0x08001338        0x0
 .iplt          0x08001338        0x0 C:/ST/STM32CubeIDE_1.17.0/STM32CubeIDE/plugins/com.st.stm32cube.ide.mcu.externaltools.gnu-tools-for-stm32.12.3.rel1.win32_1.1.0.202410251130/tools/bin/../lib/gcc/arm-none-eabi/12.3.1/thumb/v7-m/nofp/crtbegin.o

.rodata         0x08001338       0x24
                0x08001338                        . = ALIGN (0x4)
 *(.rodata)
 *(.rodata*)
 .rodata.AHBPrescTable
                0x08001338       0x10 ./src/bsp/system_stm32f1xx.o
                0x08001338                AHBPrescTable
 .rodata.aPLLMULFactorTable.1
                0x08001348       0x10 ./src/lib/stm32f103_cube/Drivers/STM32F1xx_HAL_Driver/Src/stm32f1xx_hal_rcc.o
 .rodata.aPredivFactorTable.0
                0x08001358        0x2 ./src/lib/stm32f103_cube/Drivers/STM32F1xx_HAL_Driver/Src/stm32f1xx_hal_rcc.o
                0x0800135c                        . = ALIGN (0x4)
 *fill*         0x0800135a        0x2 

.ARM.extab      0x0800135c        0x0
                0x0800135c                        . = ALIGN (0x4)
 *(.ARM.extab* .gnu.linkonce.armextab.*)
                0x0800135c                        . = ALIGN (0x4)

.ARM            0x0800135c        0x0
                0x0800135c                        . = ALIGN (0x4)
                0x0800135c                        __exidx_start = .
 *(.ARM.exidx*)
                0x0800135c                        __exidx_end = .
                0x0800135c                        . = ALIGN (0x4)

.preinit_array  0x0800135c        0x0
                0x0800135c                        . = ALIGN (0x4)
                0x0800135c                        PROVIDE (__preinit_array_start = .)
 *(.preinit_array*)
                0x0800135c                        PROVIDE (__preinit_array_end = .)
                0x0800135c                        . = ALIGN (0x4)

.init_array     0x0800135c        0x4
                0x0800135c                        . = ALIGN (0x4)
                0x0800135c                        PROVIDE (__init_array_start = .)
 *(SORT_BY_NAME(.init_array.*))
 *(.init_array*)
 .init_array    0x0800135c        0x4 C:/ST/STM32CubeIDE_1.17.0/STM32CubeIDE/plugins/com.st.stm32cube.ide.mcu.externaltools.gnu-tools-for-stm32.12.3.rel1.win32_1.1.0.202410251130/tools/bin/../lib/gcc/arm-none-eabi/12.3.1/thumb/v7-m/nofp/crtbegin.o
                0x08001360                        PROVIDE (__init_array_end = .)
                0x08001360                        . = ALIGN (0x4)

.fini_array     0x08001360        0x4
                0x08001360                        . = ALIGN (0x4)
                [!provide]                        PROVIDE (__fini_array_start = .)
 *(SORT_BY_NAME(.fini_array.*))
 *(.fini_array*)
 .fini_array    0x08001360        0x4 C:/ST/STM32CubeIDE_1.17.0/STM32CubeIDE/plugins/com.st.stm32cube.ide.mcu.externaltools.gnu-tools-for-stm32.12.3.rel1.win32_1.1.0.202410251130/tools/bin/../lib/gcc/arm-none-eabi/12.3.1/thumb/v7-m/nofp/crtbegin.o
                [!provide]                        PROVIDE (__fini_array_end = .)
                0x08001364                        . = ALIGN (0x4)
                0x08001364                        _sidata = LOADADDR (.data)

.rel.dyn        0x08001364        0x0
 .rel.iplt      0x08001364        0x0 C:/ST/STM32CubeIDE_1.17.0/STM32CubeIDE/plugins/com.st.stm32cube.ide.mcu.externaltools.gnu-tools-for-stm32.12.3.rel1.win32_1.1.0.202410251130/tools/bin/../lib/gcc/arm-none-eabi/12.3.1/thumb/v7-m/nofp/crtbegin.o

.data           0x20000000       0x14 load address 0x08001364
                0x20000000                        . = ALIGN (0x4)
                0x20000000                        _sdata = .
 *(.data)
 *(.data*)
 .data.SystemCoreClock
                0x20000000        0x4 ./src/bsp/system_stm32f1xx.o
                0x20000000                SystemCoreClock
 .data.led_tbl  0x20000004        0x8 ./src/hw/driver/led.o
                0x20000004                led_tbl
 .data.uwTickPrio
                0x2000000c        0x4 ./src/lib/stm32f103_cube/Drivers/STM32F1xx_HAL_Driver/Src/stm32f1xx_hal.o
                0x2000000c                uwTickPrio
 .data.uwTickFreq
                0x20000010        0x1 ./src/lib/stm32f103_cube/Drivers/STM32F1xx_HAL_Driver/Src/stm32f1xx_hal.o
                0x20000010                uwTickFreq
 *(.RamFunc)
 *(.RamFunc*)
                0x20000014                        . = ALIGN (0x4)
 *fill*         0x20000011        0x3 
                0x20000014                        _edata = .

.igot.plt       0x20000014        0x0 load address 0x08001378
 .igot.plt      0x20000014        0x0 C:/ST/STM32CubeIDE_1.17.0/STM32CubeIDE/plugins/com.st.stm32cube.ide.mcu.externaltools.gnu-tools-for-stm32.12.3.rel1.win32_1.1.0.202410251130/tools/bin/../lib/gcc/arm-none-eabi/12.3.1/thumb/v7-m/nofp/crtbegin.o
                0x20000014                        . = ALIGN (0x4)

.bss            0x20000014       0x20 load address 0x08001378
                0x20000014                        _sbss = .
                0x20000014                        __bss_start__ = _sbss
 *(.bss)
 .bss           0x20000014       0x1c C:/ST/STM32CubeIDE_1.17.0/STM32CubeIDE/plugins/com.st.stm32cube.ide.mcu.externaltools.gnu-tools-for-stm32.12.3.rel1.win32_1.1.0.202410251130/tools/bin/../lib/gcc/arm-none-eabi/12.3.1/thumb/v7-m/nofp/crtbegin.o
 *(.bss*)
 .bss.uwTick    0x20000030        0x4 ./src/lib/stm32f103_cube/Drivers/STM32F1xx_HAL_Driver/Src/stm32f1xx_hal.o
                0x20000030                uwTick
 *(COMMON)
                0x20000034                        . = ALIGN (0x4)
                0x20000034                        _ebss = .
                0x20000034                        __bss_end__ = _ebss

._user_heap_stack
                0x20000034      0x604 load address 0x08001378
                0x20000038                        . = ALIGN (0x8)
 *fill*         0x20000034        0x4 
                [!provide]                        PROVIDE (end = .)
                0x20000038                        PROVIDE (_end = .)
                0x20000238                        . = (. + _Min_Heap_Size)
 *fill*         0x20000038      0x200 
                0x20000638                        . = (. + _Min_Stack_Size)
 *fill*         0x20000238      0x400 
                0x20000638                        . = ALIGN (0x8)

/DISCARD/
 libc.a(*)
 libm.a(*)
 libgcc.a(*)

.ARM.attributes
                0x00000000       0x29
 *(.ARM.attributes)
 .ARM.attributes
                0x00000000       0x1d C:/ST/STM32CubeIDE_1.17.0/STM32CubeIDE/plugins/com.st.stm32cube.ide.mcu.externaltools.gnu-tools-for-stm32.12.3.rel1.win32_1.1.0.202410251130/tools/bin/../lib/gcc/arm-none-eabi/12.3.1/thumb/v7-m/nofp/crti.o
 .ARM.attributes
                0x0000001d       0x2d C:/ST/STM32CubeIDE_1.17.0/STM32CubeIDE/plugins/com.st.stm32cube.ide.mcu.externaltools.gnu-tools-for-stm32.12.3.rel1.win32_1.1.0.202410251130/tools/bin/../lib/gcc/arm-none-eabi/12.3.1/thumb/v7-m/nofp/crtbegin.o
 .ARM.attributes
                0x0000004a       0x2d ./src/ap/ap.o
 .ARM.attributes
                0x00000077       0x2d ./src/bsp/bsp.o
 .ARM.attributes
                0x000000a4       0x2d ./src/bsp/stm32f1xx_hal_msp.o
 .ARM.attributes
                0x000000d1       0x2d ./src/bsp/stm32f1xx_it.o
 .ARM.attributes
                0x000000fe       0x2d ./src/bsp/system_stm32f1xx.o
 .ARM.attributes
                0x0000012b       0x21 ./src/bsp/startup/startup_stm32f103c8tx.o
 .ARM.attributes
                0x0000014c       0x2d ./src/hw/driver/led.o
 .ARM.attributes
                0x00000179       0x2d ./src/hw/hw.o
 .ARM.attributes
                0x000001a6       0x2d ./src/lib/stm32f103_cube/Drivers/STM32F1xx_HAL_Driver/Src/stm32f1xx_hal.o
 .ARM.attributes
                0x000001d3       0x2d ./src/lib/stm32f103_cube/Drivers/STM32F1xx_HAL_Driver/Src/stm32f1xx_hal_cortex.o
 .ARM.attributes
                0x00000200       0x2d ./src/lib/stm32f103_cube/Drivers/STM32F1xx_HAL_Driver/Src/stm32f1xx_hal_gpio.o
 .ARM.attributes
                0x0000022d       0x2d ./src/lib/stm32f103_cube/Drivers/STM32F1xx_HAL_Driver/Src/stm32f1xx_hal_rcc.o
 .ARM.attributes
                0x0000025a       0x2d ./src/main.o
 .ARM.attributes
                0x00000287       0x2d C:/ST/STM32CubeIDE_1.17.0/STM32CubeIDE/plugins/com.st.stm32cube.ide.mcu.externaltools.gnu-tools-for-stm32.12.3.rel1.win32_1.1.0.202410251130/tools/bin/../lib/gcc/arm-none-eabi/12.3.1/../../../../arm-none-eabi/lib/thumb/v7-m/nofp\libc_nano.a(libc_a-memset.o)
 .ARM.attributes
                0x000002b4       0x2d C:/ST/STM32CubeIDE_1.17.0/STM32CubeIDE/plugins/com.st.stm32cube.ide.mcu.externaltools.gnu-tools-for-stm32.12.3.rel1.win32_1.1.0.202410251130/tools/bin/../lib/gcc/arm-none-eabi/12.3.1/../../../../arm-none-eabi/lib/thumb/v7-m/nofp\libc_nano.a(libc_a-init.o)
 .ARM.attributes
                0x000002e1       0x1d C:/ST/STM32CubeIDE_1.17.0/STM32CubeIDE/plugins/com.st.stm32cube.ide.mcu.externaltools.gnu-tools-for-stm32.12.3.rel1.win32_1.1.0.202410251130/tools/bin/../lib/gcc/arm-none-eabi/12.3.1/thumb/v7-m/nofp/crtn.o
OUTPUT(stm32f103_fw.elf elf32-littlearm)
LOAD linker stubs
LOAD C:/ST/STM32CubeIDE_1.17.0/STM32CubeIDE/plugins/com.st.stm32cube.ide.mcu.externaltools.gnu-tools-for-stm32.12.3.rel1.win32_1.1.0.202410251130/tools/bin/../lib/gcc/arm-none-eabi/12.3.1/../../../../arm-none-eabi/lib/thumb/v7-m/nofp\libc.a
LOAD C:/ST/STM32CubeIDE_1.17.0/STM32CubeIDE/plugins/com.st.stm32cube.ide.mcu.externaltools.gnu-tools-for-stm32.12.3.rel1.win32_1.1.0.202410251130/tools/bin/../lib/gcc/arm-none-eabi/12.3.1/../../../../arm-none-eabi/lib/thumb/v7-m/nofp\libm.a
LOAD C:/ST/STM32CubeIDE_1.17.0/STM32CubeIDE/plugins/com.st.stm32cube.ide.mcu.externaltools.gnu-tools-for-stm32.12.3.rel1.win32_1.1.0.202410251130/tools/bin/../lib/gcc/arm-none-eabi/12.3.1/thumb/v7-m/nofp\libgcc.a

.debug_info     0x00000000     0x2d9a
 .debug_info    0x00000000       0xfc ./src/ap/ap.o
 .debug_info    0x000000fc      0x3c1 ./src/bsp/bsp.o
 .debug_info    0x000004bd      0x1f8 ./src/bsp/stm32f1xx_hal_msp.o
 .debug_info    0x000006b5      0x11a ./src/bsp/stm32f1xx_it.o
 .debug_info    0x000007cf      0x21b ./src/bsp/system_stm32f1xx.o
 .debug_info    0x000009ea       0x30 ./src/bsp/startup/startup_stm32f103c8tx.o
 .debug_info    0x00000a1a      0x31f ./src/hw/driver/led.o
 .debug_info    0x00000d39       0xac ./src/hw/hw.o
 .debug_info    0x00000de5      0x704 ./src/lib/stm32f103_cube/Drivers/STM32F1xx_HAL_Driver/Src/stm32f1xx_hal.o
 .debug_info    0x000014e9      0xa87 ./src/lib/stm32f103_cube/Drivers/STM32F1xx_HAL_Driver/Src/stm32f1xx_hal_cortex.o
 .debug_info    0x00001f70      0x5ab ./src/lib/stm32f103_cube/Drivers/STM32F1xx_HAL_Driver/Src/stm32f1xx_hal_gpio.o
 .debug_info    0x0000251b      0x7d5 ./src/lib/stm32f103_cube/Drivers/STM32F1xx_HAL_Driver/Src/stm32f1xx_hal_rcc.o
 .debug_info    0x00002cf0       0xaa ./src/main.o

.debug_abbrev   0x00000000     0x111f
 .debug_abbrev  0x00000000       0xc1 ./src/ap/ap.o
 .debug_abbrev  0x000000c1      0x1d7 ./src/bsp/bsp.o
 .debug_abbrev  0x00000298       0xdb ./src/bsp/stm32f1xx_hal_msp.o
 .debug_abbrev  0x00000373       0x73 ./src/bsp/stm32f1xx_it.o
 .debug_abbrev  0x000003e6      0x13f ./src/bsp/system_stm32f1xx.o
 .debug_abbrev  0x00000525       0x24 ./src/bsp/startup/startup_stm32f103c8tx.o
 .debug_abbrev  0x00000549      0x198 ./src/hw/driver/led.o
 .debug_abbrev  0x000006e1       0x6d ./src/hw/hw.o
 .debug_abbrev  0x0000074e      0x201 ./src/lib/stm32f103_cube/Drivers/STM32F1xx_HAL_Driver/Src/stm32f1xx_hal.o
 .debug_abbrev  0x0000094f      0x2f8 ./src/lib/stm32f103_cube/Drivers/STM32F1xx_HAL_Driver/Src/stm32f1xx_hal_cortex.o
 .debug_abbrev  0x00000c47      0x1ca ./src/lib/stm32f103_cube/Drivers/STM32F1xx_HAL_Driver/Src/stm32f1xx_hal_gpio.o
 .debug_abbrev  0x00000e11      0x2b3 ./src/lib/stm32f103_cube/Drivers/STM32F1xx_HAL_Driver/Src/stm32f1xx_hal_rcc.o
 .debug_abbrev  0x000010c4       0x5b ./src/main.o

.debug_aranges  0x00000000      0x478
 .debug_aranges
                0x00000000       0x28 ./src/ap/ap.o
 .debug_aranges
                0x00000028       0x40 ./src/bsp/bsp.o
 .debug_aranges
                0x00000068       0x20 ./src/bsp/stm32f1xx_hal_msp.o
 .debug_aranges
                0x00000088       0x60 ./src/bsp/stm32f1xx_it.o
 .debug_aranges
                0x000000e8       0x28 ./src/bsp/system_stm32f1xx.o
 .debug_aranges
                0x00000110       0x28 ./src/bsp/startup/startup_stm32f103c8tx.o
 .debug_aranges
                0x00000138       0x38 ./src/hw/driver/led.o
 .debug_aranges
                0x00000170       0x20 ./src/hw/hw.o
 .debug_aranges
                0x00000190       0xe0 ./src/lib/stm32f103_cube/Drivers/STM32F1xx_HAL_Driver/Src/stm32f1xx_hal.o
 .debug_aranges
                0x00000270      0x100 ./src/lib/stm32f103_cube/Drivers/STM32F1xx_HAL_Driver/Src/stm32f1xx_hal_cortex.o
 .debug_aranges
                0x00000370       0x58 ./src/lib/stm32f103_cube/Drivers/STM32F1xx_HAL_Driver/Src/stm32f1xx_hal_gpio.o
 .debug_aranges
                0x000003c8       0x90 ./src/lib/stm32f103_cube/Drivers/STM32F1xx_HAL_Driver/Src/stm32f1xx_hal_rcc.o
 .debug_aranges
                0x00000458       0x20 ./src/main.o

.debug_rnglists
                0x00000000      0x322
 .debug_rnglists
                0x00000000       0x19 ./src/ap/ap.o
 .debug_rnglists
                0x00000019       0x2c ./src/bsp/bsp.o
 .debug_rnglists
                0x00000045       0x13 ./src/bsp/stm32f1xx_hal_msp.o
 .debug_rnglists
                0x00000058       0x43 ./src/bsp/stm32f1xx_it.o
 .debug_rnglists
                0x0000009b       0x1a ./src/bsp/system_stm32f1xx.o
 .debug_rnglists
                0x000000b5       0x19 ./src/bsp/startup/startup_stm32f103c8tx.o
 .debug_rnglists
                0x000000ce       0x25 ./src/hw/driver/led.o
 .debug_rnglists
                0x000000f3       0x13 ./src/hw/hw.o
 .debug_rnglists
                0x00000106       0xa3 ./src/lib/stm32f103_cube/Drivers/STM32F1xx_HAL_Driver/Src/stm32f1xx_hal.o
 .debug_rnglists
                0x000001a9       0xbb ./src/lib/stm32f103_cube/Drivers/STM32F1xx_HAL_Driver/Src/stm32f1xx_hal_cortex.o
 .debug_rnglists
                0x00000264       0x3f ./src/lib/stm32f103_cube/Drivers/STM32F1xx_HAL_Driver/Src/stm32f1xx_hal_gpio.o
 .debug_rnglists
                0x000002a3       0x6c ./src/lib/stm32f103_cube/Drivers/STM32F1xx_HAL_Driver/Src/stm32f1xx_hal_rcc.o
 .debug_rnglists
                0x0000030f       0x13 ./src/main.o

.debug_macro    0x00000000    0x170ce
 .debug_macro   0x00000000      0x2aa ./src/ap/ap.o
 .debug_macro   0x000002aa      0xa9c ./src/ap/ap.o
 .debug_macro   0x00000d46       0x22 ./src/ap/ap.o
 .debug_macro   0x00000d68       0x5b ./src/ap/ap.o
 .debug_macro   0x00000dc3       0x24 ./src/ap/ap.o
 .debug_macro   0x00000de7       0x94 ./src/ap/ap.o
 .debug_macro   0x00000e7b       0x43 ./src/ap/ap.o
 .debug_macro   0x00000ebe       0x34 ./src/ap/ap.o
 .debug_macro   0x00000ef2       0x16 ./src/ap/ap.o
 .debug_macro   0x00000f08       0x57 ./src/ap/ap.o
 .debug_macro   0x00000f5f       0x9e ./src/ap/ap.o
 .debug_macro   0x00000ffd      0x369 ./src/ap/ap.o
 .debug_macro   0x00001366      0x10b ./src/ap/ap.o
 .debug_macro   0x00001471       0x10 ./src/ap/ap.o
 .debug_macro   0x00001481       0x16 ./src/ap/ap.o
 .debug_macro   0x00001497       0x43 ./src/ap/ap.o
 .debug_macro   0x000014da       0x34 ./src/ap/ap.o
 .debug_macro   0x0000150e       0x10 ./src/ap/ap.o
 .debug_macro   0x0000151e       0x58 ./src/ap/ap.o
 .debug_macro   0x00001576       0x8e ./src/ap/ap.o
 .debug_macro   0x00001604       0x1c ./src/ap/ap.o
 .debug_macro   0x00001620      0x177 ./src/ap/ap.o
 .debug_macro   0x00001797       0x16 ./src/ap/ap.o
 .debug_macro   0x000017ad       0x16 ./src/ap/ap.o
 .debug_macro   0x000017c3      0x146 ./src/ap/ap.o
 .debug_macro   0x00001909      0x103 ./src/ap/ap.o
 .debug_macro   0x00001a0c       0x6a ./src/ap/ap.o
 .debug_macro   0x00001a76      0x1df ./src/ap/ap.o
 .debug_macro   0x00001c55       0x22 ./src/ap/ap.o
 .debug_macro   0x00001c77       0x1c ./src/ap/ap.o
 .debug_macro   0x00001c93      0x20f ./src/ap/ap.o
 .debug_macro   0x00001ea2       0x2e ./src/ap/ap.o
 .debug_macro   0x00001ed0       0x22 ./src/ap/ap.o
 .debug_macro   0x00001ef2       0x1c ./src/ap/ap.o
 .debug_macro   0x00001f0e       0x22 ./src/ap/ap.o
 .debug_macro   0x00001f30       0xbd ./src/ap/ap.o
 .debug_macro   0x00001fed      0xd23 ./src/ap/ap.o
 .debug_macro   0x00002d10     0xe09e ./src/ap/ap.o
 .debug_macro   0x00010dae       0x6d ./src/ap/ap.o
 .debug_macro   0x00010e1b     0x34a2 ./src/ap/ap.o
 .debug_macro   0x000142bd       0x56 ./src/ap/ap.o
 .debug_macro   0x00014313      0x5bc ./src/ap/ap.o
 .debug_macro   0x000148cf      0x289 ./src/ap/ap.o
 .debug_macro   0x00014b58      0x1cb ./src/ap/ap.o
 .debug_macro   0x00014d23      0x114 ./src/ap/ap.o
 .debug_macro   0x00014e37      0x1b2 ./src/ap/ap.o
 .debug_macro   0x00014fe9       0x27 ./src/ap/ap.o
 .debug_macro   0x00015010      0x136 ./src/ap/ap.o
 .debug_macro   0x00015146      0x1bc ./src/ap/ap.o
 .debug_macro   0x00015302       0x34 ./src/ap/ap.o
 .debug_macro   0x00015336       0x3c ./src/ap/ap.o
 .debug_macro   0x00015372       0x57 ./src/ap/ap.o
 .debug_macro   0x000153c9       0x87 ./src/ap/ap.o
 .debug_macro   0x00015450      0x240 ./src/ap/ap.o
 .debug_macro   0x00015690      0x140 ./src/ap/ap.o
 .debug_macro   0x000157d0       0x83 ./src/ap/ap.o
 .debug_macro   0x00015853       0x10 ./src/ap/ap.o
 .debug_macro   0x00015863      0x273 ./src/bsp/bsp.o
 .debug_macro   0x00015ad6      0x2b4 ./src/bsp/stm32f1xx_hal_msp.o
 .debug_macro   0x00015d8a      0x2be ./src/bsp/stm32f1xx_it.o
 .debug_macro   0x00016048       0xc8 ./src/bsp/system_stm32f1xx.o
 .debug_macro   0x00016110       0x8e ./src/bsp/system_stm32f1xx.o
 .debug_macro   0x0001619e       0x51 ./src/bsp/system_stm32f1xx.o
 .debug_macro   0x000161ef      0x292 ./src/hw/driver/led.o
 .debug_macro   0x00016481      0x2a0 ./src/hw/hw.o
 .debug_macro   0x00016721      0x1a3 ./src/lib/stm32f103_cube/Drivers/STM32F1xx_HAL_Driver/Src/stm32f1xx_hal.o
 .debug_macro   0x000168c4       0x5c ./src/lib/stm32f103_cube/Drivers/STM32F1xx_HAL_Driver/Src/stm32f1xx_hal.o
 .debug_macro   0x00016920      0x17f ./src/lib/stm32f103_cube/Drivers/STM32F1xx_HAL_Driver/Src/stm32f1xx_hal_cortex.o
 .debug_macro   0x00016a9f      0x1ea ./src/lib/stm32f103_cube/Drivers/STM32F1xx_HAL_Driver/Src/stm32f1xx_hal_gpio.o
 .debug_macro   0x00016c89      0x191 ./src/lib/stm32f103_cube/Drivers/STM32F1xx_HAL_Driver/Src/stm32f1xx_hal_rcc.o
 .debug_macro   0x00016e1a      0x2b4 ./src/main.o

.debug_line     0x00000000     0x7d1c
 .debug_line    0x00000000      0x9d0 ./src/ap/ap.o
 .debug_line    0x000009d0      0x9d7 ./src/bsp/bsp.o
 .debug_line    0x000013a7      0xa1f ./src/bsp/stm32f1xx_hal_msp.o
 .debug_line    0x00001dc6      0xae0 ./src/bsp/stm32f1xx_it.o
 .debug_line    0x000028a6      0x5cd ./src/bsp/system_stm32f1xx.o
 .debug_line    0x00002e73       0x7b ./src/bsp/startup/startup_stm32f103c8tx.o
 .debug_line    0x00002eee      0xa3d ./src/hw/driver/led.o
 .debug_line    0x0000392b      0x9b6 ./src/hw/hw.o
 .debug_line    0x000042e1      0xa71 ./src/lib/stm32f103_cube/Drivers/STM32F1xx_HAL_Driver/Src/stm32f1xx_hal.o
 .debug_line    0x00004d52      0xc5d ./src/lib/stm32f103_cube/Drivers/STM32F1xx_HAL_Driver/Src/stm32f1xx_hal_cortex.o
 .debug_line    0x000059af      0xb0a ./src/lib/stm32f103_cube/Drivers/STM32F1xx_HAL_Driver/Src/stm32f1xx_hal_gpio.o
 .debug_line    0x000064b9      0xe7a ./src/lib/stm32f103_cube/Drivers/STM32F1xx_HAL_Driver/Src/stm32f1xx_hal_rcc.o
 .debug_line    0x00007333      0x9e9 ./src/main.o

.debug_str      0x00000000    0x7f4d7
 .debug_str     0x00000000    0x7e170 ./src/ap/ap.o
                              0x7e4ab (size before relaxing)
 .debug_str     0x0007e170      0x22d ./src/bsp/bsp.o
                              0x7e62d (size before relaxing)
 .debug_str     0x0007e39d       0x66 ./src/bsp/stm32f1xx_hal_msp.o
                              0x7e52c (size before relaxing)
 .debug_str     0x0007e403       0xc8 ./src/bsp/stm32f1xx_it.o
                              0x7e541 (size before relaxing)
 .debug_str     0x0007e4cb       0x7d ./src/bsp/system_stm32f1xx.o
                              0x546ba (size before relaxing)
 .debug_str     0x0007e548       0x47 ./src/bsp/startup/startup_stm32f103c8tx.o
                                 0x70 (size before relaxing)
 .debug_str     0x0007e58f      0x101 ./src/hw/driver/led.o
                              0x7e595 (size before relaxing)
 .debug_str     0x0007e690       0x16 ./src/hw/hw.o
                              0x7e48a (size before relaxing)
 .debug_str     0x0007e6a6      0x612 ./src/lib/stm32f103_cube/Drivers/STM32F1xx_HAL_Driver/Src/stm32f1xx_hal.o
                              0x7b4a4 (size before relaxing)
 .debug_str     0x0007ecb8      0x2d2 ./src/lib/stm32f103_cube/Drivers/STM32F1xx_HAL_Driver/Src/stm32f1xx_hal_cortex.o
                              0x7b3f0 (size before relaxing)
 .debug_str     0x0007ef8a      0x2fa ./src/lib/stm32f103_cube/Drivers/STM32F1xx_HAL_Driver/Src/stm32f1xx_hal_gpio.o
                              0x7b0f7 (size before relaxing)
 .debug_str     0x0007f284      0x240 ./src/lib/stm32f103_cube/Drivers/STM32F1xx_HAL_Driver/Src/stm32f1xx_hal_rcc.o
                              0x7b1a0 (size before relaxing)
 .debug_str     0x0007f4c4       0x13 ./src/main.o
                              0x7e4a1 (size before relaxing)

.comment        0x00000000       0x43
 .comment       0x00000000       0x43 ./src/ap/ap.o
                                 0x44 (size before relaxing)
 .comment       0x00000043       0x44 ./src/bsp/bsp.o
 .comment       0x00000043       0x44 ./src/bsp/stm32f1xx_hal_msp.o
 .comment       0x00000043       0x44 ./src/bsp/stm32f1xx_it.o
 .comment       0x00000043       0x44 ./src/bsp/system_stm32f1xx.o
 .comment       0x00000043       0x44 ./src/hw/driver/led.o
 .comment       0x00000043       0x44 ./src/hw/hw.o
 .comment       0x00000043       0x44 ./src/lib/stm32f103_cube/Drivers/STM32F1xx_HAL_Driver/Src/stm32f1xx_hal.o
 .comment       0x00000043       0x44 ./src/lib/stm32f103_cube/Drivers/STM32F1xx_HAL_Driver/Src/stm32f1xx_hal_cortex.o
 .comment       0x00000043       0x44 ./src/lib/stm32f103_cube/Drivers/STM32F1xx_HAL_Driver/Src/stm32f1xx_hal_gpio.o
 .comment       0x00000043       0x44 ./src/lib/stm32f103_cube/Drivers/STM32F1xx_HAL_Driver/Src/stm32f1xx_hal_rcc.o
 .comment       0x00000043       0x44 ./src/main.o

.debug_frame    0x00000000      0xe94
 .debug_frame   0x00000000       0x4c ./src/ap/ap.o
 .debug_frame   0x0000004c       0xb0 ./src/bsp/bsp.o
 .debug_frame   0x000000fc       0x38 ./src/bsp/stm32f1xx_hal_msp.o
 .debug_frame   0x00000134      0x104 ./src/bsp/stm32f1xx_it.o
 .debug_frame   0x00000238       0x58 ./src/bsp/system_stm32f1xx.o
 .debug_frame   0x00000290       0xa0 ./src/hw/driver/led.o
 .debug_frame   0x00000330       0x2c ./src/hw/hw.o
 .debug_frame   0x0000035c      0x334 ./src/lib/stm32f103_cube/Drivers/STM32F1xx_HAL_Driver/Src/stm32f1xx_hal.o
 .debug_frame   0x00000690      0x428 ./src/lib/stm32f103_cube/Drivers/STM32F1xx_HAL_Driver/Src/stm32f1xx_hal_cortex.o
 .debug_frame   0x00000ab8      0x14c ./src/lib/stm32f103_cube/Drivers/STM32F1xx_HAL_Driver/Src/stm32f1xx_hal_gpio.o
 .debug_frame   0x00000c04      0x218 ./src/lib/stm32f103_cube/Drivers/STM32F1xx_HAL_Driver/Src/stm32f1xx_hal_rcc.o
 .debug_frame   0x00000e1c       0x2c ./src/main.o
 .debug_frame   0x00000e48       0x20 C:/ST/STM32CubeIDE_1.17.0/STM32CubeIDE/plugins/com.st.stm32cube.ide.mcu.externaltools.gnu-tools-for-stm32.12.3.rel1.win32_1.1.0.202410251130/tools/bin/../lib/gcc/arm-none-eabi/12.3.1/../../../../arm-none-eabi/lib/thumb/v7-m/nofp\libc_nano.a(libc_a-memset.o)
 .debug_frame   0x00000e68       0x2c C:/ST/STM32CubeIDE_1.17.0/STM32CubeIDE/plugins/com.st.stm32cube.ide.mcu.externaltools.gnu-tools-for-stm32.12.3.rel1.win32_1.1.0.202410251130/tools/bin/../lib/gcc/arm-none-eabi/12.3.1/../../../../arm-none-eabi/lib/thumb/v7-m/nofp\libc_nano.a(libc_a-init.o)

.debug_line_str
                0x00000000       0x54
 .debug_line_str
                0x00000000       0x54 ./src/bsp/startup/startup_stm32f103c8tx.o
